<?php return array (
  0 => 'Symfony\\Bundle\\FrameworkBundle\\Controller\\AbstractController',
  1 => 'App\\Controller\\QuestionController',
  3 => 'Symfony\\Bundle\\FrameworkBundle\\Controller\\ControllerResolver',
  4 => 'Symfony\\Bundle\\FrameworkBundle\\Controller\\RedirectController',
  5 => 'Symfony\\Bundle\\FrameworkBundle\\Controller\\TemplateController',
  6 => 'Symfony\\Component\\HttpKernel\\Controller\\ArgumentResolver',
  7 => 'Symfony\\Component\\HttpKernel\\Controller\\ArgumentResolverInterface',
  8 => 'Symfony\\Component\\HttpKernel\\Controller\\ArgumentResolver\\DefaultValueResolver',
  9 => 'Symfony\\Component\\HttpKernel\\Controller\\ArgumentResolver\\NotTaggedControllerValueResolver',
  10 => 'Symfony\\Component\\HttpKernel\\Controller\\ArgumentResolver\\RequestAttributeValueResolver',
  11 => 'Symfony\\Component\\HttpKernel\\Controller\\ArgumentResolver\\RequestValueResolver',
  12 => 'Symfony\\Component\\HttpKernel\\Controller\\ArgumentResolver\\ServiceValueResolver',
  13 => 'Symfony\\Component\\HttpKernel\\Controller\\ArgumentResolver\\SessionValueResolver',
  14 => 'Symfony\\Component\\HttpKernel\\Controller\\ArgumentResolver\\TraceableValueResolver',
  15 => 'Symfony\\Component\\HttpKernel\\Controller\\ArgumentResolver\\VariadicValueResolver',
  16 => 'Symfony\\Component\\HttpKernel\\Controller\\ArgumentValueResolverInterface',
  17 => 'Symfony\\Component\\HttpKernel\\Controller\\ContainerControllerResolver',
  18 => 'Symfony\\Component\\HttpKernel\\Controller\\ControllerReference',
  19 => 'Symfony\\Component\\HttpKernel\\Controller\\ControllerResolver',
  20 => 'Symfony\\Component\\HttpKernel\\Controller\\ControllerResolverInterface',
  21 => 'Symfony\\Component\\HttpKernel\\Controller\\ErrorController',
  22 => 'Symfony\\Component\\HttpKernel\\Controller\\TraceableArgumentResolver',
  23 => 'Symfony\\Component\\HttpKernel\\Controller\\TraceableControllerResolver',
);